// Jest Snapshot v1, https://goo.gl/fbAQLP

exports[`App Component renders correctly 1`] = `
<DocumentFragment>
  <h1>
    Vite + React
  </h1>
  <div
    class="card"
  >
    <button>
      count is 0
    </button>
    <p>
      Edit 
      <code>
        src/App.tsx
      </code>
       and save to test HMR
    </p>
  </div>
  <p
    class="read-the-docs"
  >
    Click on the Vite and React logos to learn more
  </p>
</DocumentFragment>
`;
